Microchip MPLAB XC8 Compiler V1.34 ()

Linker command line:

--edf=C:\Arquivos de programas\Microchip\xc8\v1.34\dat\en_msgs.txt -cs \
  -h+dist/default/production\sample.X.production.sym \
  --cmf=dist/default/production\sample.X.production.cmf -z -Q16F877A \
  -oC:\DOCUME~1\Gustavo\CONFIG~1\Temp\s1ho.6 \
  -Mdist/default/production/sample.X.production.map -E1 -ver=XC8 \
  -ASTACK=0110h-016fh -pstack=STACK -ACODE=00h-07FFhx4 -ASTRCODE=00h-01FFFh \
  -ASTRING=00h-0FFhx32 -ACONST=00h-0FFhx32 -AENTRY=00h-0FFhx32 \
  -ACOMMON=070h-07Fh -ABANK0=020h-06Fh -ABANK1=0A0h-0EFh \
  -ABANK2=0110h-016Fh -ABANK3=0190h-01EFh \
  -ARAM=020h-06Fh,0A0h-0EFh,0110h-016Fh,0190h-01EFh \
  -AABS1=020h-07Fh,0A0h-0EFh,0110h-016Fh,0190h-01EFh -ASFR0=00h-01Fh \
  -ASFR1=080h-09Fh -ASFR2=0100h-010Fh -ASFR3=0180h-018Fh \
  -preset_vec=00h,intentry,init,end_init -ppowerup=CODE -pcinit=CODE \
  -pfunctab=CODE -ACONFIG=02007h-02007h -pconfig=CONFIG -DCONFIG=2 \
  -AIDLOC=02000h-02003h -pidloc=IDLOC -DIDLOC=2 -AEEDATA=00h-0FFh/02100h \
  -peeprom_data=EEDATA -DEEDATA=2 -DCODE=2 -DSTRCODE=2 -DSTRING=2 -DCONST=2 \
  -DENTRY=2 -k C:\DOCUME~1\Gustavo\CONFIG~1\Temp\s1ho.obj \
  dist/default/production\sample.X.production.obj 

Object code version is 3.11

Machine type is 16F877A



                Name                               Link     Load   Length Selector   Space Scale
C:\DOCUME~1\Gustavo\CONFIG~1\Temp\s1ho.obj
                end_init                              0        0        3        0       0
                config                             2007     2007        1     400E       0
dist/default/production\sample.X.production.obj
                cinit                               7DF      7DF       21      FBE       0
                text1_split_3                        68       68      777       D0       0
                text1_split_2                       BA0      BA0       DD     1740       0
                text1_split_1                       C7D      C7D      383     18FA       0
                text2                                 B        B       5D       16       0
                text1                               B16      B16       8A     162C       0
                maintext                            AA5      AA5       71     154A       0
                cstackBANK0                          44       44       13       20       1
                cstackCOMMON                         70       70        E       70       1
                inittext                            A20      A20       11     1440       0
                dataBANK1                            A0       A0       50       A0       1
                dataBANK0                            20       20       24       20       1
                bssBANK0                             57       57        4       20       1
                strings                             800      800       10     1000       0
                idataBANK1                          A55      A55       50     14AA       0
                idataBANK0                          A31      A31       24     1462       0

TOTAL           Name                               Link     Load   Length     Space
        CLASS   STACK          

        CLASS   CODE           
                end_init                              0        0        3         0
                cinit                               7DF      7DF       21         0
                text1_split_3                        68       68      777         0
                text1_split_2                       BA0      BA0       DD         0
                text1_split_1                       C7D      C7D      383         0
                text2                                 B        B       5D         0
                text1                               B16      B16       8A         0
                maintext                            AA5      AA5       71         0
                inittext                            A20      A20       11         0
                idataBANK1                          A55      A55       50         0
                idataBANK0                          A31      A31       24         0

        CLASS   STRCODE        

        CLASS   STRING         
                strings                             800      800       10         0

        CLASS   CONST          

        CLASS   ENTRY          

        CLASS   COMMON         
                cstackCOMMON                         70       70        E         1

        CLASS   BANK0          
                cstackBANK0                          44       44       13         1
                dataBANK0                            20       20       24         1
                bssBANK0                             57       57        4         1

        CLASS   BANK1          
                dataBANK1                            A0       A0       50         1

        CLASS   BANK2          

        CLASS   BANK3          

        CLASS   RAM            

        CLASS   ABS1           
                abs_s1                               7E       7E        2         1

        CLASS   SFR0           

        CLASS   SFR1           

        CLASS   SFR2           

        CLASS   SFR3           

        CLASS   CONFIG         
                config                             2007     2007        1         0

        CLASS   IDLOC          

        CLASS   EEDATA         



SEGMENTS        Name                           Load    Length   Top    Selector   Space  Class     Delta

                reset_vec                      000000  000003  000003         0       0  CODE        2
                text2                          00000B  00005D  000068        16       0  CODE        2
                dataBANK0                      000020  00003B  00005B        20       1  BANK0       1
                cstackCOMMON                   000070  00000E  00007E        70       1  COMMON      1
                dataBANK1                      0000A0  000050  0000F0        A0       1  BANK1       1
                text1_split_3                  000068  000777  0007DF        D0       0  CODE        2
                cinit                          0007DF  000021  000800       FBE       0  CODE        2
                strings                        000800  000010  000810      1000       0  STRING      2
                inittext                       000A20  000011  000A31      1440       0  CODE        2
                idataBANK0                     000A31  000024  000A55      1462       0  CODE        2
                idataBANK1                     000A55  000050  000AA5      14AA       0  CODE        2
                maintext                       000AA5  000071  000B16      154A       0  CODE        2
                text1                          000B16  00008A  000BA0      162C       0  CODE        2
                text1_split_2                  000BA0  0000DD  000C7D      1740       0  CODE        2
                text1_split_1                  000C7D  000383  001000      18FA       0  CODE        2
                config                         002007  000001  002008      400E       0  CONFIG      2


UNUSED ADDRESS RANGES

        Name                Unused          Largest block    Delta
        BANK0            00005B-00006F               15           1
        BANK2            000110-00016F               60           1
        BANK3            000190-0001EF               60           1
        CODE             000003-00000A                8           2
                         000810-000A1F              210
                         001000-001FFF              800
        CONST            000003-00000A                8           2
                         000810-000A1F              100
                         001000-001FFF              100
        EEDATA           002100-0021FF              100           2
        ENTRY            000003-00000A                8           2
                         000810-000A1F              100
                         001000-001FFF              100
        IDLOC            002000-002003                4           2
        RAM              00005B-00006F               15           1
                         000110-00016F               60
                         000190-0001EF               60
        SFR0             000000-00001F               20           1
        SFR1             000080-00009F               20           1
        SFR2             000100-00010F               10           1
        SFR3             000180-00018F               10           1
        STACK            000110-00016F               60           1
        STRCODE          000003-00000A                8           2
                         000810-000A1F              210
                         001000-001FFF             1000
        STRING           000003-00000A                8           2
                         000810-000A1F              100
                         001000-001FFF              100

                                  Symbol Table

_PORTA                   (abs)        000005
_PORTB                   (abs)        000006
_PORTC                   (abs)        000007
_PORTD                   (abs)        000008
_PORTE                   (abs)        000009
_SETport                 bssBANK0     000057
_SETscale                dataBANK0    000020
_TRISA                   (abs)        000085
_TRISB                   (abs)        000086
_TRISC                   (abs)        000087
_TRISD                   (abs)        000088
__CFG_BOREN$ON           (abs)        000000
__CFG_CP$OFF             (abs)        000000
__CFG_CPD$OFF            (abs)        000000
__CFG_FOSC$HS            (abs)        000000
__CFG_LVP$OFF            (abs)        000000
__CFG_PWRTE$ON           (abs)        000000
__CFG_WDTE$OFF           (abs)        000000
__CFG_WRT$HALF           (abs)        000000
__Habs1                  abs1         000000
__Hbank0                 bank0        000000
__Hbank1                 bank1        000000
__Hbank2                 bank2        000000
__Hbank3                 bank3        000000
__HbssBANK0              bssBANK0     000000
__Hcinit                 cinit        000800
__Hclrtext               clrtext      000000
__Hcode                  code         000000
__Hcommon                common       000000
__Hconfig                config       002008
__HcstackBANK0           cstackBANK0  000000
__HcstackCOMMON          cstackCOMMON 000000
__HdataBANK0             dataBANK0    000000
__HdataBANK1             dataBANK1    000000
__Heeprom_data           eeprom_data  000000
__Hend_init              end_init     000003
__Hfunctab               functab      000000
__HidataBANK0            idataBANK0   000000
__HidataBANK1            idataBANK1   000000
__Hidloc                 idloc        000000
__Hinit                  init         000000
__Hinittext              inittext     000000
__Hintentry              intentry     000000
__Hmaintext              maintext     000000
__Hpowerup               powerup      000000
__Hram                   ram          000000
__Hreset_vec             reset_vec    000000
__Hsfr0                  sfr0         000000
__Hsfr1                  sfr1         000000
__Hsfr2                  sfr2         000000
__Hsfr3                  sfr3         000000
__Hspace_0               (abs)        002008
__Hspace_1               (abs)        0000F0
__Hspace_2               (abs)        000000
__Hspace_3               (abs)        000000
__Hstack                 stack        000000
__Hstrings               strings      000000
__Htext                  text         000000
__Labs1                  abs1         000000
__Lbank0                 bank0        000000
__Lbank1                 bank1        000000
__Lbank2                 bank2        000000
__Lbank3                 bank3        000000
__LbssBANK0              bssBANK0     000000
__Lcinit                 cinit        0007DF
__Lclrtext               clrtext      000000
__Lcode                  code         000000
__Lcommon                common       000000
__Lconfig                config       002007
__LcstackBANK0           cstackBANK0  000000
__LcstackCOMMON          cstackCOMMON 000000
__LdataBANK0             dataBANK0    000000
__LdataBANK1             dataBANK1    000000
__Leeprom_data           eeprom_data  000000
__Lend_init              end_init     000000
__Lfunctab               functab      000000
__LidataBANK0            idataBANK0   000000
__LidataBANK1            idataBANK1   000000
__Lidloc                 idloc        000000
__Linit                  init         000000
__Linittext              inittext     000000
__Lintentry              intentry     000000
__Lmaintext              maintext     000000
__Lpowerup               powerup      000000
__Lram                   ram          000000
__Lreset_vec             reset_vec    000000
__Lsfr0                  sfr0         000000
__Lsfr1                  sfr1         000000
__Lsfr2                  sfr2         000000
__Lsfr3                  sfr3         000000
__Lspace_0               (abs)        000000
__Lspace_1               (abs)        000000
__Lspace_2               (abs)        000000
__Lspace_3               (abs)        000000
__Lstack                 stack        000000
__Lstrings               strings      000000
__Ltext                  text         000000
__S0                     (abs)        002008
__S1                     (abs)        0000F0
__S2                     (abs)        000000
__S3                     (abs)        000000
___ftge                  text2        00000B
___ftge@ff1              cstackCOMMON 000070
___ftge@ff2              cstackCOMMON 000073
___int_sp                stack        000000
___latbits               (abs)        000002
___sp                    stack        000000
__end_of___ftge          text2        000068
__end_of__initialization cinit        0007FC
__end_of__stringtab      strings      000806
__end_of_main            maintext     000B16
__end_of_print_sevenseg  text1_split_3 0007DF
__initialization         cinit        0007DF
__pbssBANK0              bssBANK0     000057
__pcstackBANK0           cstackBANK0  000044
__pcstackCOMMON          cstackCOMMON 000070
__pdataBANK0             dataBANK0    000020
__pdataBANK1             dataBANK1    0000A0
__pidataBANK0            idataBANK0   000A31
__pidataBANK1            idataBANK1   000A55
__pmaintext              maintext     000AA5
__pstrings               strings      000800
__ptext1                 text1        000B16
__ptext2                 text2        00000B
__size_of___ftge         (abs)        000000
__size_of_main           (abs)        000000
__size_of_print_sevenseg (abs)        000000
__stringbase             strings      000805
__stringtab              strings      000800
_fdef                    bssBANK0     000059
_main                    maintext     000AA5
_numlib                  dataBANK1    0000A0
_print_sevenseg          text1        000B16
btemp                    (abs)        00007E
end_of_initialization    cinit        0007FC
init_fetch0              inittext     000A20
init_ram0                inittext     000A24
intlevel0                functab      000000
intlevel1                functab      000000
intlevel2                functab      000000
intlevel3                functab      000000
intlevel4                functab      000000
intlevel5                functab      000000
ltemp                    (abs)        00007E
ltemp0                   (abs)        00007E
ltemp1                   (abs)        000082
ltemp2                   (abs)        000086
ltemp3                   (abs)        000080
main@c                   cstackBANK0  000053
main@i                   cstackBANK0  000055
pnum$text1               (abs)        00000D
pnum$text1_split_1       (abs)        00000F
pnum$text1_split_2       (abs)        000010
pnum$text1_split_3       (abs)        000011
print_sevenseg@compnumb  cstackBANK0  000046
print_sevenseg@number    cstackBANK0  000044
print_sevenseg@port1     cstackBANK0  000049
print_sevenseg@port2     cstackBANK0  00004A
psplit$0                 (abs)        0D000F
psplit$1                 (abs)        0F0010
psplit$2                 (abs)        100011
reset_vec                reset_vec    000000
stackhi                  (abs)        000000
stacklo                  (abs)        000000
start                    init         000000
start_initialization     cinit        0007DF
ttemp                    (abs)        00007E
ttemp0                   (abs)        00007E
ttemp1                   (abs)        000081
ttemp2                   (abs)        000084
ttemp3                   (abs)        000087
ttemp4                   (abs)        00007F
wtemp                    (abs)        00007E
wtemp0                   (abs)        00007E
wtemp1                   (abs)        000080
wtemp2                   (abs)        000082
wtemp3                   (abs)        000084
wtemp4                   (abs)        000086
wtemp5                   (abs)        000088
wtemp6                   (abs)        00007F


FUNCTION INFORMATION:

 *************** function _main *****************
 Defined at:
		line 25 in file "sample.c"
 Parameters:    Size  Location     Type
		None
 Auto vars:     Size  Location     Type
  i               2   17[BANK0 ] int 
  c               2   15[BANK0 ] int 
 Return value:  Size  Location     Type
		None               void
 Registers used:
		wreg, fsr0l, fsr0h, status,2, status,0, btemp+1, pclath, cstack
 Tracked objects:
		On entry : 
		On exit  : 
		Unchanged: 
 Data sizes:     COMMON   BANK0   BANK1   BANK3   BANK2
      Params:         0       0       0       0       0
      Locals:         0       4       0       0       0
      Temps:          2       0       0       0       0
      Totals:         2       4       0       0       0
Total ram usage:        6 bytes
 Hardware stack levels required when called:    2
 This function calls:
		_print_sevenseg
 This function is called by:
		Startup code after reset
 This function uses a non-reentrant model


 *************** function _print_sevenseg *****************
 Defined at:
		line 11 in file "7seglibmain.h"
 Parameters:    Size  Location     Type
  number          2    0[BANK0 ] int 
  compnumb        3    2[BANK0 ] float 
  port1           1    5[BANK0 ] PTR unsigned char 
		 -> STR_32(2), NULL(0), 
  port2           1    6[BANK0 ] PTR unsigned char 
		 -> STR_33(2), STR_31(2), 
 Auto vars:     Size  Location     Type
		None
 Return value:  Size  Location     Type
		None               void
 Registers used:
		wreg, fsr0l, fsr0h, status,2, status,0, btemp+1, pclath, cstack
 Tracked objects:
		On entry : 
		On exit  : 
		Unchanged: 
 Data sizes:     COMMON   BANK0   BANK1   BANK3   BANK2
      Params:         0       7       0       0       0
      Locals:         0       0       0       0       0
      Temps:          0       8       0       0       0
      Totals:         0      15       0       0       0
Total ram usage:       15 bytes
 Hardware stack levels used:    1
 Hardware stack levels required when called:    1
 This function calls:
		___ftge
 This function is called by:
		_main
 This function uses a non-reentrant model


 *************** function ___ftge *****************
 Defined at:
		line 4 in file "C:\Arquivos de programas\Microchip\xc8\v1.34\sources\common\ftge.c"
 Parameters:    Size  Location     Type
  ff1             3    0[COMMON] float 
  ff2             3    3[COMMON] float 
 Auto vars:     Size  Location     Type
		None
 Return value:  Size  Location     Type
		None               void
 Registers used:
		wreg, status,2, status,0
 Tracked objects:
		On entry : 
		On exit  : 
		Unchanged: 
 Data sizes:     COMMON   BANK0   BANK1   BANK3   BANK2
      Params:         6       0       0       0       0
      Locals:         0       0       0       0       0
      Temps:          6       0       0       0       0
      Totals:        12       0       0       0       0
Total ram usage:       12 bytes
 Hardware stack levels used:    1
 This function calls:
		Nothing
 This function is called by:
		_print_sevenseg
 This function uses a non-reentrant model



MODULE INFORMATION

Module		Function		Class		Link	Load	Size
7seglibmain.h
		_print_sevenseg		CODE           	0B16	0000	3170

7seglibmain.h estimated size: 3170

shared
		__stringtab    		STRING         	0800	0000	7
		__initializatio		CODE           	07DF	0000	30

shared estimated size: 37

C:\Arquivos de programas\Microchip\xc8\v1.34\sources\common\ftge.c
		___ftge        		CODE           	000B	0000	94

C:\Arquivos de programas\Microchip\xc8\v1.34\sources\common\ftge.c estimated size: 94

sample.c
		_main          		CODE           	0AA5	0000	114

sample.c estimated size: 114

